// Jest Snapshot v1, https://goo.gl/fbAQLP

exports[`matches snapshot with no callback prop 1`] = `
<header
  style={
    Object {
      "alignItems": "center",
      "background": "#337ab7",
      "color": "#fff",
      "display": "flex",
      "justifyContent": "space-between",
      "padding": "10px",
    }
  }
>
  <svg
    aria-hidden={true}
    className="MuiSvgIcon-root"
    focusable="false"
    viewBox="0 0 24 24"
  >
    <path
      d="M3 18h18v-2H3v2zm0-5h18v-2H3v2zm0-7v2h18V6H3z"
    />
  </svg>
  <h2>
    Book Store
  </h2>
  <p />
</header>
`;
